// Jest Snapshot v1, https://goo.gl/fbAQLP

exports[`Footer matches snapshot 1`] = `
<DocumentFragment>
  <footer
    class="footer"
  >
    <div
      class="main"
    >
      <div
        class="mainInner"
      >
        <div
          class="wrapper"
        >
          <section
            class="logoArea"
          >
            <div
              class="productLogo"
            >
              <a
                aria-label="パンダシャーク"
                href="/"
                target="_self"
              >
                <div
                  style="display: inline-block; max-width: 100%; overflow: hidden; position: relative; box-sizing: border-box; margin: 0px;"
                >
                  <div
                    style="box-sizing: border-box; display: block; max-width: 100%;"
                  >
                    <img
                      alt=""
                      aria-hidden="true"
                      role="presentation"
                      src="data:image/svg+xml;base64,PHN2ZyB3aWR0aD0iMTI4IiBoZWlnaHQ9IjY0IiB4bWxucz0iaHR0cDovL3d3dy53My5vcmcvMjAwMC9zdmciIHZlcnNpb249IjEuMSIvPg=="
                      style="max-width: 100%; display: block; margin: 0px; padding: 0px;"
                    />
                  </div>
                  <noscript />
                  <img
                    alt="Pandashark's icon"
                    decoding="async"
                    src="data:image/gif;base64,R0lGODlhAQABAIAAAAAAAP///yH5BAEAAAAALAAAAAABAAEAAAIBRAA7"
                    style="position: absolute; top: 0px; left: 0px; bottom: 0px; right: 0px; box-sizing: border-box; padding: 0px; margin: auto; display: block; width: 0px; height: 0px; min-width: 100%; max-width: 100%; min-height: 100%; max-height: 100%;"
                  />
                </div>
              </a>
            </div>
          </section>
          <section
            class="sitemap"
          >
            <ul
              class="footerLinks"
            >
              <li>
                <details
                  class="accordion"
                >
                  <summary>
                    自己紹介
                  </summary>
                  <ul
                    class="accordionItems"
                  >
                    <li>
                      <a
                        href="/about#vision"
                      >
                        Vision
                      </a>
                    </li>
                    <li>
                      <a
                        href="/about#profile"
                      >
                        Profile
                      </a>
                    </li>
                    <li>
                      <a
                        href="/about#career"
                      >
                        Career
                      </a>
                    </li>
                    <li>
                      <a
                        href="/about#skills"
                      >
                        Skills
                      </a>
                    </li>
                  </ul>
                </details>
              </li>
              <li>
                <details
                  class="accordion"
                >
                  <summary>
                    制作事例
                  </summary>
                  <ul
                    class="accordionItems"
                  >
                    <li>
                      <a
                        href="/samples/portfolio"
                      >
                        ポートフォリオサイト
                      </a>
                    </li>
                    <li>
                      <a
                        href="/samples/ec"
                      >
                        ECサイト
                      </a>
                    </li>
                    <li>
                      <a
                        href="/samples/chat"
                      >
                        Chat App
                      </a>
                    </li>
                  </ul>
                </details>
              </li>
              <li>
                <details
                  class="accordion"
                >
                  <summary>
                    リンク集
                  </summary>
                  <ul
                    class="accordionItems"
                  >
                    <li>
                      <a
                        href="https://twitter.com/pandashark6"
                      >
                        Twitter
                      </a>
                    </li>
                    <li>
                      <a
                        href="https://github.com/x7ddf74479jn5"
                      >
                        Github
                      </a>
                    </li>
                  </ul>
                </details>
              </li>
            </ul>
          </section>
        </div>
        <section
          class="foot"
        >
          <ul>
            <li>
              <a
                href="/terms"
              >
                利用規約
              </a>
            </li>
            <li>
              <a
                href="/privacy"
              >
                プライバシーポリシー
              </a>
            </li>
          </ul>
        </section>
      </div>
    </div>
  </footer>
</DocumentFragment>
`;
