// Jest Snapshot v1, https://goo.gl/fbAQLP

exports[`ModalPortal matches snapshot 1`] = `
<DocumentFragment>
  <div
    id="__next"
  >
    <div
      class="modalContainer"
    >
      <div
        class="backdrop_70"
      />
      <div
        class="modalContent"
      >
        <button>
          close
        </button>
      </div>
    </div>
  </div>
</DocumentFragment>
`;
