// Jest Snapshot v1, https://goo.gl/fbAQLP

exports[`PandasharkLogo matches snapshot 1`] = `
<DocumentFragment>
  <a
    aria-label="パンダシャーク"
    href="/"
    target="_self"
  >
    <img
      alt="Pandashark's icon"
      height="64"
      src="/img/icons/pandashark_logo_rectangle.webp"
      width="128"
    />
  </a>
</DocumentFragment>
`;
