// Jest Snapshot v1, https://goo.gl/fbAQLP

exports[`TitleArea matches snapshot 1`] = `
<DocumentFragment>
  <section
    class="section"
  >
    <div
      class="sectionTitleArea fadeInLeft"
    >
      <div
        class="headlineSub fadeInUp"
      >
        <h2>
          PORTFOLIO
        </h2>
        <p>
          ポートフォリオ
        </p>
        <ul
          aria-label="Breadcrumbs"
          class="textBreadcrumbs"
        >
          <li>
            <a
              href="/"
            >
              HOME
            </a>
             
            <span>
              ＞
            </span>
          </li>
          <li>
            <a
              href="/samples"
            >
              SAMPLES
            </a>
             
            <span>
              ＞
            </span>
          </li>
          <li>
            <span
              aria-current="page"
            >
              PORTFOLIO
            </span>
             
          </li>
        </ul>
      </div>
    </div>
  </section>
</DocumentFragment>
`;
