// Jest Snapshot v1, https://goo.gl/fbAQLP

exports[`Contact matches snapshot 1`] = `
<DocumentFragment>
  <section
    class="section bgPrimary"
  >
    <div
      class="sectionWrapIn"
    >
      <div
        class="gridContact"
      >
        <h2>
          お仕事のご依頼・ご相談
        </h2>
        <hr
          class="sectionLine"
        />
        <div
          class="md"
        />
        <p>
          企業HPなどのWebサイト制作、チャットボット開発、WordPress導入・カスタマイズなどのお見積もり、ご相談はお気軽にご連絡ください。 お客様だけでなく、エンドユーザーにも喜んでいただけるよう技術を提供します。
        </p>
        <div
          class="sm"
        />
        <a
          class="btnRound iconArrowNext"
          href="/contact"
          role="button"
        >
          お問い合わせ
        </a>
        <div
          class="md"
        />
      </div>
    </div>
  </section>
</DocumentFragment>
`;
