// Jest Snapshot v1, https://goo.gl/fbAQLP

exports[`FirstView matches snapshot 1`] = `
<DocumentFragment>
  <section>
    <div
      class="gridFirstView"
      data-label="first-view"
    >
      <div
        style="display: block; overflow: hidden; position: absolute; top: 0px; left: 0px; bottom: 0px; right: 0px; box-sizing: border-box; margin: 0px;"
      >
        <img
          alt="first-view"
          data-nimg="true"
          decoding="async"
          sizes="100vw"
          src="/_next/image?url=%2Fimg%2Fview%2Ffirst-view.webp&w=3840&q=75"
          srcset="/_next/image?url=%2Fimg%2Fview%2Ffirst-view.webp&w=640&q=75 640w, /_next/image?url=%2Fimg%2Fview%2Ffirst-view.webp&w=750&q=75 750w, /_next/image?url=%2Fimg%2Fview%2Ffirst-view.webp&w=828&q=75 828w, /_next/image?url=%2Fimg%2Fview%2Ffirst-view.webp&w=1080&q=75 1080w, /_next/image?url=%2Fimg%2Fview%2Ffirst-view.webp&w=1200&q=75 1200w, /_next/image?url=%2Fimg%2Fview%2Ffirst-view.webp&w=1920&q=75 1920w, /_next/image?url=%2Fimg%2Fview%2Ffirst-view.webp&w=2048&q=75 2048w, /_next/image?url=%2Fimg%2Fview%2Ffirst-view.webp&w=3840&q=75 3840w"
          style="position: absolute; top: 0px; left: 0px; bottom: 0px; right: 0px; box-sizing: border-box; padding: 0px; margin: auto; display: block; width: 0px; height: 0px; min-width: 100%; max-width: 100%; min-height: 100%; max-height: 100%; object-fit: cover;"
        />
      </div>
      <div
        class="textArea"
      >
        <div>
          <h2>
            Pandashark
          </h2>
          <p>
            Web Engineer
          </p>
          <a
            class="btnRoundOnDark iconArrowNext"
            href="/contact"
            role="button"
          >
            Contact
          </a>
        </div>
      </div>
    </div>
  </section>
</DocumentFragment>
`;
