// Jest Snapshot v1, https://goo.gl/fbAQLP

exports[`SampleCarousel matches snapshot 1`] = `
<DocumentFragment>
  <div
    class="swiper-container swiper-container-initialized swiper-container-horizontal"
  >
    <div
      class="swiper-button-prev"
    />
    <div
      class="swiper-button-next"
    />
    <div
      class="swiper-pagination swiper-pagination-clickable swiper-pagination-bullets"
    />
    <div
      class="swiper-wrapper"
      style="transition-duration: 0ms; transform: translate3d(NaNpx, 0px, 0px);"
    >
      <div
        class="swiper-slide swiper-slide-duplicate"
        data-swiper-slide-index="0"
      >
        <article
          class="gridListItem"
        >
          <a
            class="textLineNone"
            href="/link"
            target="_self"
          >
            <h3>
              title
            </h3>
            <div
              class="mediaThumb"
            >
              <img
                alt="alt"
                src="src.png"
              />
            </div>
            <p>
              description
            </p>
          </a>
        </article>
      </div>
      <div
        class="swiper-slide"
        data-swiper-slide-index="0"
      >
        <article
          class="gridListItem"
        >
          <a
            class="textLineNone"
            href="/link"
            target="_self"
          >
            <h3>
              title
            </h3>
            <div
              class="mediaThumb"
            >
              <img
                alt="alt"
                src="src.png"
              />
            </div>
            <p>
              description
            </p>
          </a>
        </article>
      </div>
      <div
        class="swiper-slide swiper-slide-duplicate"
        data-swiper-slide-index="0"
      >
        <article
          class="gridListItem"
        >
          <a
            class="textLineNone"
            href="/link"
            target="_self"
          >
            <h3>
              title
            </h3>
            <div
              class="mediaThumb"
            >
              <img
                alt="alt"
                src="src.png"
              />
            </div>
            <p>
              description
            </p>
          </a>
        </article>
      </div>
    </div>
  </div>
</DocumentFragment>
`;
