// Jest Snapshot v1, https://goo.gl/fbAQLP

exports[`Samples matches snapshot 1`] = `
<DocumentFragment>
  <section
    class="section"
  >
    <div
      class="sectionWrapIn"
    >
      <h2
        class="headlineTop"
      >
        Samples
      </h2>
      <hr
        class="sectionLine"
      />
      <div
        class="sm"
      />
      <div
        class="md"
      />
      <div
        class="swiper-container swiper-container-initialized swiper-container-horizontal"
      >
        <div
          class="swiper-button-prev"
        />
        <div
          class="swiper-button-next"
        />
        <div
          class="swiper-pagination swiper-pagination-clickable swiper-pagination-bullets"
        />
        <div
          class="swiper-wrapper"
          style="transition-duration: 0ms; transform: translate3d(NaNpx, 0px, 0px);"
        >
          <div
            class="swiper-slide swiper-slide-duplicate"
            data-swiper-slide-index="4"
          >
            <article
              class="gridListItem"
            >
              <a
                class="textLineNone"
                href="/samples/ec"
                target="_self"
              >
                <h3>
                  ECサイト(開発中)
                </h3>
                <div
                  class="mediaThumb"
                >
                  <div
                    style="display: block; overflow: hidden; position: absolute; top: 0px; left: 0px; bottom: 0px; right: 0px; box-sizing: border-box; margin: 0px;"
                  >
                    <img
                      alt="eye catch of EC app"
                      data-nimg="true"
                      decoding="async"
                      sizes="100vw"
                      src="/_next/image?url=%2Fimg%2Fsamples%2Fec-app-eyecatch.webp&w=3840&q=75"
                      srcset="/_next/image?url=%2Fimg%2Fsamples%2Fec-app-eyecatch.webp&w=640&q=75 640w, /_next/image?url=%2Fimg%2Fsamples%2Fec-app-eyecatch.webp&w=750&q=75 750w, /_next/image?url=%2Fimg%2Fsamples%2Fec-app-eyecatch.webp&w=828&q=75 828w, /_next/image?url=%2Fimg%2Fsamples%2Fec-app-eyecatch.webp&w=1080&q=75 1080w, /_next/image?url=%2Fimg%2Fsamples%2Fec-app-eyecatch.webp&w=1200&q=75 1200w, /_next/image?url=%2Fimg%2Fsamples%2Fec-app-eyecatch.webp&w=1920&q=75 1920w, /_next/image?url=%2Fimg%2Fsamples%2Fec-app-eyecatch.webp&w=2048&q=75 2048w, /_next/image?url=%2Fimg%2Fsamples%2Fec-app-eyecatch.webp&w=3840&q=75 3840w"
                      style="position: absolute; top: 0px; left: 0px; bottom: 0px; right: 0px; box-sizing: border-box; padding: 0px; margin: auto; display: block; width: 0px; height: 0px; min-width: 100%; max-width: 100%; min-height: 100%; max-height: 100%; object-fit: contain;"
                    />
                  </div>
                </div>
                <p>
                  React学習用に開発しているデモサイトです。
                </p>
              </a>
            </article>
          </div>
          <div
            class="swiper-slide"
            data-swiper-slide-index="0"
          >
            <article
              class="gridListItem"
            >
              <a
                class="textLineNone"
                href="/samples/food-blog"
                target="_self"
              >
                <h3>
                  Food Blog
                </h3>
                <div
                  class="mediaThumb"
                >
                  <div
                    style="display: block; overflow: hidden; position: absolute; top: 0px; left: 0px; bottom: 0px; right: 0px; box-sizing: border-box; margin: 0px;"
                  >
                    <img
                      alt="eye catch of food-blog"
                      data-nimg="true"
                      decoding="async"
                      sizes="100vw"
                      src="/_next/image?url=%2Fimg%2Fsamples%2Ffood-blog-eyecatch.webp&w=3840&q=75"
                      srcset="/_next/image?url=%2Fimg%2Fsamples%2Ffood-blog-eyecatch.webp&w=640&q=75 640w, /_next/image?url=%2Fimg%2Fsamples%2Ffood-blog-eyecatch.webp&w=750&q=75 750w, /_next/image?url=%2Fimg%2Fsamples%2Ffood-blog-eyecatch.webp&w=828&q=75 828w, /_next/image?url=%2Fimg%2Fsamples%2Ffood-blog-eyecatch.webp&w=1080&q=75 1080w, /_next/image?url=%2Fimg%2Fsamples%2Ffood-blog-eyecatch.webp&w=1200&q=75 1200w, /_next/image?url=%2Fimg%2Fsamples%2Ffood-blog-eyecatch.webp&w=1920&q=75 1920w, /_next/image?url=%2Fimg%2Fsamples%2Ffood-blog-eyecatch.webp&w=2048&q=75 2048w, /_next/image?url=%2Fimg%2Fsamples%2Ffood-blog-eyecatch.webp&w=3840&q=75 3840w"
                      style="position: absolute; top: 0px; left: 0px; bottom: 0px; right: 0px; box-sizing: border-box; padding: 0px; margin: auto; display: block; width: 0px; height: 0px; min-width: 100%; max-width: 100%; min-height: 100%; max-height: 100%; object-fit: contain;"
                    />
                  </div>
                </div>
                <p>
                  Next.js, MDX, microCMSを使ったレシピブログです。
                </p>
              </a>
            </article>
          </div>
          <div
            class="swiper-slide"
            data-swiper-slide-index="1"
          >
            <article
              class="gridListItem"
            >
              <a
                class="textLineNone"
                href="/samples/portfolio"
                target="_self"
              >
                <h3>
                  ポートフォリオ
                </h3>
                <div
                  class="mediaThumb"
                >
                  <div
                    style="display: block; overflow: hidden; position: absolute; top: 0px; left: 0px; bottom: 0px; right: 0px; box-sizing: border-box; margin: 0px;"
                  >
                    <img
                      alt="eye catch of portfolio"
                      data-nimg="true"
                      decoding="async"
                      sizes="100vw"
                      src="/_next/image?url=%2Fimg%2Fsamples%2Fportfolio-eyecatch.webp&w=3840&q=75"
                      srcset="/_next/image?url=%2Fimg%2Fsamples%2Fportfolio-eyecatch.webp&w=640&q=75 640w, /_next/image?url=%2Fimg%2Fsamples%2Fportfolio-eyecatch.webp&w=750&q=75 750w, /_next/image?url=%2Fimg%2Fsamples%2Fportfolio-eyecatch.webp&w=828&q=75 828w, /_next/image?url=%2Fimg%2Fsamples%2Fportfolio-eyecatch.webp&w=1080&q=75 1080w, /_next/image?url=%2Fimg%2Fsamples%2Fportfolio-eyecatch.webp&w=1200&q=75 1200w, /_next/image?url=%2Fimg%2Fsamples%2Fportfolio-eyecatch.webp&w=1920&q=75 1920w, /_next/image?url=%2Fimg%2Fsamples%2Fportfolio-eyecatch.webp&w=2048&q=75 2048w, /_next/image?url=%2Fimg%2Fsamples%2Fportfolio-eyecatch.webp&w=3840&q=75 3840w"
                      style="position: absolute; top: 0px; left: 0px; bottom: 0px; right: 0px; box-sizing: border-box; padding: 0px; margin: auto; display: block; width: 0px; height: 0px; min-width: 100%; max-width: 100%; min-height: 100%; max-height: 100%; object-fit: contain;"
                    />
                  </div>
                </div>
                <p>
                  現在閲覧してくださっているサイトです。
                </p>
              </a>
            </article>
          </div>
          <div
            class="swiper-slide"
            data-swiper-slide-index="2"
          >
            <article
              class="gridListItem"
            >
              <a
                class="textLineNone"
                href="/samples/my-favorite-gear"
                target="_self"
              >
                <h3>
                  My Favorite Gear
                </h3>
                <div
                  class="mediaThumb"
                >
                  <div
                    style="display: block; overflow: hidden; position: absolute; top: 0px; left: 0px; bottom: 0px; right: 0px; box-sizing: border-box; margin: 0px;"
                  >
                    <img
                      alt="eye catch of my-favorite-gear"
                      data-nimg="true"
                      decoding="async"
                      sizes="100vw"
                      src="/_next/image?url=%2Fimg%2Fsamples%2Fmy-favorite-gear-eyecatch.webp&w=3840&q=75"
                      srcset="/_next/image?url=%2Fimg%2Fsamples%2Fmy-favorite-gear-eyecatch.webp&w=640&q=75 640w, /_next/image?url=%2Fimg%2Fsamples%2Fmy-favorite-gear-eyecatch.webp&w=750&q=75 750w, /_next/image?url=%2Fimg%2Fsamples%2Fmy-favorite-gear-eyecatch.webp&w=828&q=75 828w, /_next/image?url=%2Fimg%2Fsamples%2Fmy-favorite-gear-eyecatch.webp&w=1080&q=75 1080w, /_next/image?url=%2Fimg%2Fsamples%2Fmy-favorite-gear-eyecatch.webp&w=1200&q=75 1200w, /_next/image?url=%2Fimg%2Fsamples%2Fmy-favorite-gear-eyecatch.webp&w=1920&q=75 1920w, /_next/image?url=%2Fimg%2Fsamples%2Fmy-favorite-gear-eyecatch.webp&w=2048&q=75 2048w, /_next/image?url=%2Fimg%2Fsamples%2Fmy-favorite-gear-eyecatch.webp&w=3840&q=75 3840w"
                      style="position: absolute; top: 0px; left: 0px; bottom: 0px; right: 0px; box-sizing: border-box; padding: 0px; margin: auto; display: block; width: 0px; height: 0px; min-width: 100%; max-width: 100%; min-height: 100%; max-height: 100%; object-fit: contain;"
                    />
                  </div>
                </div>
                <p>
                  自分のお気に入りのアイテムを8つ選んでTwitterに投稿できます。
                </p>
              </a>
            </article>
          </div>
          <div
            class="swiper-slide"
            data-swiper-slide-index="3"
          >
            <article
              class="gridListItem"
            >
              <a
                class="textLineNone"
                href="/samples/chat"
                target="_self"
              >
                <h3>
                  チャットボット
                </h3>
                <div
                  class="mediaThumb"
                >
                  <div
                    style="display: block; overflow: hidden; position: absolute; top: 0px; left: 0px; bottom: 0px; right: 0px; box-sizing: border-box; margin: 0px;"
                  >
                    <img
                      alt="eye catch of chat"
                      data-nimg="true"
                      decoding="async"
                      sizes="100vw"
                      src="/_next/image?url=%2Fimg%2Fsamples%2Fchat-bot-eyecatch.webp&w=3840&q=75"
                      srcset="/_next/image?url=%2Fimg%2Fsamples%2Fchat-bot-eyecatch.webp&w=640&q=75 640w, /_next/image?url=%2Fimg%2Fsamples%2Fchat-bot-eyecatch.webp&w=750&q=75 750w, /_next/image?url=%2Fimg%2Fsamples%2Fchat-bot-eyecatch.webp&w=828&q=75 828w, /_next/image?url=%2Fimg%2Fsamples%2Fchat-bot-eyecatch.webp&w=1080&q=75 1080w, /_next/image?url=%2Fimg%2Fsamples%2Fchat-bot-eyecatch.webp&w=1200&q=75 1200w, /_next/image?url=%2Fimg%2Fsamples%2Fchat-bot-eyecatch.webp&w=1920&q=75 1920w, /_next/image?url=%2Fimg%2Fsamples%2Fchat-bot-eyecatch.webp&w=2048&q=75 2048w, /_next/image?url=%2Fimg%2Fsamples%2Fchat-bot-eyecatch.webp&w=3840&q=75 3840w"
                      style="position: absolute; top: 0px; left: 0px; bottom: 0px; right: 0px; box-sizing: border-box; padding: 0px; margin: auto; display: block; width: 0px; height: 0px; min-width: 100%; max-width: 100%; min-height: 100%; max-height: 100%; object-fit: contain;"
                    />
                  </div>
                </div>
                <p>
                  事前に用意したQAを使って自動応答するチャットボットです。
                </p>
              </a>
            </article>
          </div>
          <div
            class="swiper-slide"
            data-swiper-slide-index="4"
          >
            <article
              class="gridListItem"
            >
              <a
                class="textLineNone"
                href="/samples/ec"
                target="_self"
              >
                <h3>
                  ECサイト(開発中)
                </h3>
                <div
                  class="mediaThumb"
                >
                  <div
                    style="display: block; overflow: hidden; position: absolute; top: 0px; left: 0px; bottom: 0px; right: 0px; box-sizing: border-box; margin: 0px;"
                  >
                    <img
                      alt="eye catch of EC app"
                      data-nimg="true"
                      decoding="async"
                      sizes="100vw"
                      src="/_next/image?url=%2Fimg%2Fsamples%2Fec-app-eyecatch.webp&w=3840&q=75"
                      srcset="/_next/image?url=%2Fimg%2Fsamples%2Fec-app-eyecatch.webp&w=640&q=75 640w, /_next/image?url=%2Fimg%2Fsamples%2Fec-app-eyecatch.webp&w=750&q=75 750w, /_next/image?url=%2Fimg%2Fsamples%2Fec-app-eyecatch.webp&w=828&q=75 828w, /_next/image?url=%2Fimg%2Fsamples%2Fec-app-eyecatch.webp&w=1080&q=75 1080w, /_next/image?url=%2Fimg%2Fsamples%2Fec-app-eyecatch.webp&w=1200&q=75 1200w, /_next/image?url=%2Fimg%2Fsamples%2Fec-app-eyecatch.webp&w=1920&q=75 1920w, /_next/image?url=%2Fimg%2Fsamples%2Fec-app-eyecatch.webp&w=2048&q=75 2048w, /_next/image?url=%2Fimg%2Fsamples%2Fec-app-eyecatch.webp&w=3840&q=75 3840w"
                      style="position: absolute; top: 0px; left: 0px; bottom: 0px; right: 0px; box-sizing: border-box; padding: 0px; margin: auto; display: block; width: 0px; height: 0px; min-width: 100%; max-width: 100%; min-height: 100%; max-height: 100%; object-fit: contain;"
                    />
                  </div>
                </div>
                <p>
                  React学習用に開発しているデモサイトです。
                </p>
              </a>
            </article>
          </div>
          <div
            class="swiper-slide swiper-slide-duplicate"
            data-swiper-slide-index="0"
          >
            <article
              class="gridListItem"
            >
              <a
                class="textLineNone"
                href="/samples/food-blog"
                target="_self"
              >
                <h3>
                  Food Blog
                </h3>
                <div
                  class="mediaThumb"
                >
                  <div
                    style="display: block; overflow: hidden; position: absolute; top: 0px; left: 0px; bottom: 0px; right: 0px; box-sizing: border-box; margin: 0px;"
                  >
                    <img
                      alt="eye catch of food-blog"
                      data-nimg="true"
                      decoding="async"
                      sizes="100vw"
                      src="/_next/image?url=%2Fimg%2Fsamples%2Ffood-blog-eyecatch.webp&w=3840&q=75"
                      srcset="/_next/image?url=%2Fimg%2Fsamples%2Ffood-blog-eyecatch.webp&w=640&q=75 640w, /_next/image?url=%2Fimg%2Fsamples%2Ffood-blog-eyecatch.webp&w=750&q=75 750w, /_next/image?url=%2Fimg%2Fsamples%2Ffood-blog-eyecatch.webp&w=828&q=75 828w, /_next/image?url=%2Fimg%2Fsamples%2Ffood-blog-eyecatch.webp&w=1080&q=75 1080w, /_next/image?url=%2Fimg%2Fsamples%2Ffood-blog-eyecatch.webp&w=1200&q=75 1200w, /_next/image?url=%2Fimg%2Fsamples%2Ffood-blog-eyecatch.webp&w=1920&q=75 1920w, /_next/image?url=%2Fimg%2Fsamples%2Ffood-blog-eyecatch.webp&w=2048&q=75 2048w, /_next/image?url=%2Fimg%2Fsamples%2Ffood-blog-eyecatch.webp&w=3840&q=75 3840w"
                      style="position: absolute; top: 0px; left: 0px; bottom: 0px; right: 0px; box-sizing: border-box; padding: 0px; margin: auto; display: block; width: 0px; height: 0px; min-width: 100%; max-width: 100%; min-height: 100%; max-height: 100%; object-fit: contain;"
                    />
                  </div>
                </div>
                <p>
                  Next.js, MDX, microCMSを使ったレシピブログです。
                </p>
              </a>
            </article>
          </div>
        </div>
      </div>
      <div
        class="md"
      />
      <a
        class="btnRound iconArrowNext"
        href="/samples"
        role="button"
      >
        全ての事例を見る
      </a>
    </div>
  </section>
</DocumentFragment>
`;
