// Jest Snapshot v1, https://goo.gl/fbAQLP

exports[`AnswersList matches snapshot 1`] = `
<DocumentFragment>
  <div
    class="gridAnswer"
  >
    <button
      class="MuiButtonBase-root MuiButton-root MuiButton-outlined makeStyles-button-1"
      tabindex="0"
      type="button"
    >
      <span
        class="MuiButton-label"
      >
        content
      </span>
      <span
        class="MuiTouchRipple-root"
      />
    </button>
    <button
      class="MuiButtonBase-root MuiButton-root MuiButton-outlined makeStyles-button-1"
      tabindex="0"
      type="button"
    >
      <span
        class="MuiButton-label"
      >
        content 2
      </span>
      <span
        class="MuiTouchRipple-root"
      />
    </button>
  </div>
</DocumentFragment>
`;
