// Jest Snapshot v1, https://goo.gl/fbAQLP

exports[`FormDialog matches snapshot 1`] = `
<DocumentFragment>
  <div
    class="formDialog"
  >
    <div
      class="MuiDialogTitle-root"
      id="alert-dialog-title"
    >
      <h2
        class="MuiTypography-root MuiTypography-h6"
      >
        お問い合わせフォーム
      </h2>
    </div>
    <div
      class="MuiDialogContent-root"
    >
      <div
        class="MuiFormControl-root MuiTextField-root MuiFormControl-marginDense MuiFormControl-fullWidth"
      >
        <label
          class="MuiFormLabel-root MuiInputLabel-root MuiInputLabel-formControl MuiInputLabel-animated MuiInputLabel-marginDense"
          data-shrink="false"
          for="name"
          id="name-label"
        >
          件名（必須）
        </label>
        <div
          class="MuiInputBase-root MuiInput-root MuiInput-underline MuiInputBase-fullWidth MuiInput-fullWidth MuiInputBase-formControl MuiInput-formControl MuiInputBase-marginDense MuiInput-marginDense"
        >
          <input
            aria-invalid="false"
            class="MuiInputBase-input MuiInput-input MuiInputBase-inputMarginDense MuiInput-inputMarginDense"
            id="name"
            rows="1"
            type="text"
            value=""
          />
        </div>
      </div>
      <div
        class="MuiFormControl-root MuiTextField-root MuiFormControl-marginDense MuiFormControl-fullWidth"
      >
        <label
          class="MuiFormLabel-root MuiInputLabel-root MuiInputLabel-formControl MuiInputLabel-animated MuiInputLabel-marginDense"
          data-shrink="false"
          for="email"
          id="email-label"
        >
          メールアドレス（必須）
        </label>
        <div
          class="MuiInputBase-root MuiInput-root MuiInput-underline MuiInputBase-fullWidth MuiInput-fullWidth MuiInputBase-formControl MuiInput-formControl MuiInputBase-marginDense MuiInput-marginDense"
        >
          <input
            aria-invalid="false"
            class="MuiInputBase-input MuiInput-input MuiInputBase-inputMarginDense MuiInput-inputMarginDense"
            id="email"
            rows="1"
            type="email"
            value=""
          />
        </div>
      </div>
      <div
        class="MuiFormControl-root MuiTextField-root MuiFormControl-marginDense MuiFormControl-fullWidth"
      >
        <label
          class="MuiFormLabel-root MuiInputLabel-root MuiInputLabel-formControl MuiInputLabel-animated MuiInputLabel-marginDense"
          data-shrink="false"
          for="description"
          id="description-label"
        >
          お問い合わせ内容（必須）
        </label>
        <div
          class="MuiInputBase-root MuiInput-root MuiInput-underline MuiInputBase-fullWidth MuiInput-fullWidth MuiInputBase-formControl MuiInput-formControl MuiInputBase-multiline MuiInput-multiline MuiInputBase-marginDense MuiInput-marginDense"
        >
          <textarea
            aria-invalid="false"
            class="MuiInputBase-input MuiInput-input MuiInputBase-inputMultiline MuiInput-inputMultiline MuiInputBase-inputMarginDense MuiInput-inputMarginDense"
            id="description"
            rows="5"
          />
        </div>
      </div>
    </div>
    <div
      class="MuiDialogActions-root MuiDialogActions-spacing"
    >
      <button
        class="MuiButtonBase-root MuiButton-root MuiButton-text MuiButton-textPrimary"
        tabindex="0"
        type="button"
      >
        <span
          class="MuiButton-label"
        >
          キャンセル
        </span>
        <span
          class="MuiTouchRipple-root"
        />
      </button>
      <button
        class="MuiButtonBase-root MuiButton-root MuiButton-text MuiButton-textPrimary"
        tabindex="0"
        type="button"
      >
        <span
          class="MuiButton-label"
        >
          送信する
        </span>
        <span
          class="MuiTouchRipple-root"
        />
      </button>
    </div>
  </div>
</DocumentFragment>
`;
