// Jest Snapshot v1, https://goo.gl/fbAQLP

exports[`SampleTemplate matches snapshot 1`] = `
<DocumentFragment>
  <div
    class="md"
  />
  <section
    class="section"
  >
    <div
      class="sectionTitleArea fadeInLeft"
    >
      <div
        class="headlineSub fadeInUp"
      >
        <h2>
          title
        </h2>
        <p>
          caption
        </p>
        <ul
          aria-label="Breadcrumbs"
          class="textBreadcrumbs"
        >
          <li>
            <span
              aria-current="page"
            >
              HOME
            </span>
             
          </li>
        </ul>
      </div>
    </div>
  </section>
  <section
    class="section"
  >
    <div
      class="sectionWrapIn"
    >
      <div
        class="gridSamples"
      >
        <div
          class="imageWrapper"
        >
          <img
            alt="alt"
            src="img.png"
          />
        </div>
        <div>
          <h3>
            概要
          </h3>
          <p>
            summary
          </p>
        </div>
        <div>
          <h3>
            用途・目的
          </h3>
          <ul>
            <li>
              purpose
            </li>
          </ul>
        </div>
        <div>
          <h3>
            こだわり
          </h3>
          <ul>
            <li>
              points
            </li>
          </ul>
        </div>
        <div>
          <h3>
            使用言語
          </h3>
          <p>
            langs
          </p>
        </div>
        <div>
          <h3>
            技術
          </h3>
          <p>
            techs
          </p>
        </div>
        <div>
          <h3>
            リンク
          </h3>
          <p>
            description
          </p>
          <p>
            <a
              href="link"
              rel="noreferrer"
              target="_blank"
            >
              <span
                class="externalLink"
              >
                label
                <svg
                  aria-hidden="true"
                  class="MuiSvgIcon-root MuiSvgIcon-fontSizeSmall"
                  focusable="false"
                  viewBox="0 0 24 24"
                >
                  <path
                    d="M19 19H5V5h7V3H5c-1.11 0-2 .9-2 2v14c0 1.1.89 2 2 2h14c1.1 0 2-.9 2-2v-7h-2v7zM14 3v2h3.59l-9.83 9.83 1.41 1.41L19 6.41V10h2V3h-7z"
                  />
                </svg>
              </span>
            </a>
          </p>
        </div>
        <div>
          <h3>
            備考
          </h3>
          <p>
            note
          </p>
        </div>
      </div>
    </div>
  </section>
</DocumentFragment>
`;
